// Jest Snapshot v1, https://goo.gl/fbAQLP

exports[`"graphql-let" command Glob pattern "!" in config excludes files 1`] = `
Array [
  "pages/viewer.graphql.d.ts",
  "schema/type-defs.graphqls.d.ts",
]
`;

exports[`"graphql-let" command Respect .gitignore to ignore from including 1`] = `
Array [
  "pages/viewer.graphql.d.ts",
  "schema/type-defs.graphqls.d.ts",
]
`;

exports[`"graphql-let" command Runs twice and keeps valid caches 1`] = `
Array [
  Object {
    "dtsRelPath": "schema/type-defs.graphqls.d.ts",
    "gqlHash": "7969f53526f17d0fbe150fa8d043d04c1fc5ce3e",
    "gqlRelPath": "schema/type-defs.graphqls",
    "tsxRelPath": "schema/type-defs.graphqls.tsx",
  },
  Object {
    "dtsRelPath": "pages/viewer.graphql.d.ts",
    "gqlHash": "7210e1120779f99e5c55e782e5a24c6f0af8b78b",
    "gqlRelPath": "pages/viewer.graphql",
    "tsxRelPath": "pages/viewer.graphql.tsx",
  },
]
`;

exports[`"graphql-let" command Runs twice and keeps valid caches 2`] = `
Array [
  Object {
    "dtsRelPath": "schema/type-defs.graphqls.d.ts",
    "gqlHash": "7969f53526f17d0fbe150fa8d043d04c1fc5ce3e",
    "gqlRelPath": "schema/type-defs.graphqls",
    "tsxRelPath": "schema/type-defs.graphqls.tsx",
  },
  Object {
    "dtsRelPath": "pages/viewer.graphql.d.ts",
    "gqlHash": "7210e1120779f99e5c55e782e5a24c6f0af8b78b",
    "gqlRelPath": "pages/viewer.graphql",
    "tsxRelPath": "pages/viewer.graphql.tsx",
  },
]
`;

exports[`"graphql-let" command passes config to graphql-codegen as expected
* "useIndexSignature: true" in config effect to result having "WithIndex<TObject>" type
: schema/type-defs.graphqls.d.ts 1`] = `
Array [
  "schema/type-defs.graphqls.d.ts",
]
`;

exports[`"graphql-let" command passes config to graphql-codegen as expected
* "useIndexSignature: true" in config effect to result having "WithIndex<TObject>" type
: schema/type-defs.graphqls.d.ts 2`] = `
"/* ff63d095b71fedd92d394b2d6eab532035dd6359
 * This file is automatically generated by graphql-let. */

import { GraphQLResolveInfo } from 'graphql';
export declare type Maybe<T> = T | null;
export declare type Exact<T extends {
    [key: string]: unknown;
}> = {
    [K in keyof T]: T[K];
};
export declare type MakeOptional<T, K extends keyof T> = Omit<T, K> & {
    [SubKey in K]?: Maybe<T[SubKey]>;
};
export declare type MakeMaybe<T, K extends keyof T> = Omit<T, K> & {
    [SubKey in K]: Maybe<T[SubKey]>;
};
/** All built-in and custom scalars, mapped to their actual values */
export declare type Scalars = {
    ID: string;
    String: string;
    Boolean: boolean;
    Int: number;
    Float: number;
};
export declare type Query = {
    __typename?: 'Query';
    viewer?: Maybe<User>;
};
export declare type User = {
    __typename?: 'User';
    id: Scalars['ID'];
    name: Scalars['String'];
    status: Scalars['String'];
};
export declare type WithIndex<TObject> = TObject & Record<string, any>;
export declare type ResolversObject<TObject> = WithIndex<TObject>;
export declare type ResolverTypeWrapper<T> = Promise<T> | T;
export declare type LegacyStitchingResolver<TResult, TParent, TContext, TArgs> = {
    fragment: string;
    resolve: ResolverFn<TResult, TParent, TContext, TArgs>;
};
export declare type NewStitchingResolver<TResult, TParent, TContext, TArgs> = {
    selectionSet: string;
    resolve: ResolverFn<TResult, TParent, TContext, TArgs>;
};
export declare type StitchingResolver<TResult, TParent, TContext, TArgs> = LegacyStitchingResolver<TResult, TParent, TContext, TArgs> | NewStitchingResolver<TResult, TParent, TContext, TArgs>;
export declare type Resolver<TResult, TParent = {}, TContext = {}, TArgs = {}> = ResolverFn<TResult, TParent, TContext, TArgs> | StitchingResolver<TResult, TParent, TContext, TArgs>;
export declare type ResolverFn<TResult, TParent, TContext, TArgs> = (parent: TParent, args: TArgs, context: TContext, info: GraphQLResolveInfo) => Promise<TResult> | TResult;
export declare type SubscriptionSubscribeFn<TResult, TParent, TContext, TArgs> = (parent: TParent, args: TArgs, context: TContext, info: GraphQLResolveInfo) => AsyncIterator<TResult> | Promise<AsyncIterator<TResult>>;
export declare type SubscriptionResolveFn<TResult, TParent, TContext, TArgs> = (parent: TParent, args: TArgs, context: TContext, info: GraphQLResolveInfo) => TResult | Promise<TResult>;
export interface SubscriptionSubscriberObject<TResult, TKey extends string, TParent, TContext, TArgs> {
    subscribe: SubscriptionSubscribeFn<{
        [key in TKey]: TResult;
    }, TParent, TContext, TArgs>;
    resolve?: SubscriptionResolveFn<TResult, {
        [key in TKey]: TResult;
    }, TContext, TArgs>;
}
export interface SubscriptionResolverObject<TResult, TParent, TContext, TArgs> {
    subscribe: SubscriptionSubscribeFn<any, TParent, TContext, TArgs>;
    resolve: SubscriptionResolveFn<TResult, any, TContext, TArgs>;
}
export declare type SubscriptionObject<TResult, TKey extends string, TParent, TContext, TArgs> = SubscriptionSubscriberObject<TResult, TKey, TParent, TContext, TArgs> | SubscriptionResolverObject<TResult, TParent, TContext, TArgs>;
export declare type SubscriptionResolver<TResult, TKey extends string, TParent = {}, TContext = {}, TArgs = {}> = ((...args: any[]) => SubscriptionObject<TResult, TKey, TParent, TContext, TArgs>) | SubscriptionObject<TResult, TKey, TParent, TContext, TArgs>;
export declare type TypeResolveFn<TTypes, TParent = {}, TContext = {}> = (parent: TParent, context: TContext, info: GraphQLResolveInfo) => Maybe<TTypes> | Promise<Maybe<TTypes>>;
export declare type IsTypeOfResolverFn<T = {}, TContext = {}> = (obj: T, context: TContext, info: GraphQLResolveInfo) => boolean | Promise<boolean>;
export declare type NextResolverFn<T> = () => Promise<T>;
export declare type DirectiveResolverFn<TResult = {}, TParent = {}, TContext = {}, TArgs = {}> = (next: NextResolverFn<TResult>, parent: TParent, args: TArgs, context: TContext, info: GraphQLResolveInfo) => TResult | Promise<TResult>;
/** Mapping between all available schema types and the resolvers types */
export declare type ResolversTypes = ResolversObject<{
    Query: ResolverTypeWrapper<{}>;
    User: ResolverTypeWrapper<User>;
    ID: ResolverTypeWrapper<Scalars['ID']>;
    String: ResolverTypeWrapper<Scalars['String']>;
    Boolean: ResolverTypeWrapper<Scalars['Boolean']>;
}>;
/** Mapping between all available schema types and the resolvers parents */
export declare type ResolversParentTypes = ResolversObject<{
    Query: {};
    User: User;
    ID: Scalars['ID'];
    String: Scalars['String'];
    Boolean: Scalars['Boolean'];
}>;
export declare type QueryResolvers<ContextType = any, ParentType extends ResolversParentTypes['Query'] = ResolversParentTypes['Query']> = ResolversObject<{
    viewer?: Resolver<Maybe<ResolversTypes['User']>, ParentType, ContextType>;
}>;
export declare type UserResolvers<ContextType = any, ParentType extends ResolversParentTypes['User'] = ResolversParentTypes['User']> = ResolversObject<{
    id?: Resolver<ResolversTypes['ID'], ParentType, ContextType>;
    name?: Resolver<ResolversTypes['String'], ParentType, ContextType>;
    status?: Resolver<ResolversTypes['String'], ParentType, ContextType>;
    __isTypeOf?: IsTypeOfResolverFn<ParentType, ContextType>;
}>;
export declare type Resolvers<ContextType = any> = ResolversObject<{
    Query?: QueryResolvers<ContextType>;
    User?: UserResolvers<ContextType>;
}>;
/**
 * @deprecated
 * Use \\"Resolvers\\" root object instead. If you wish to get \\"IResolvers\\", add \\"typesPrefix: I\\" to your config.
 */
export declare type IResolvers<ContextType = any> = Resolvers<ContextType>;

          
// This is an extra code in addition to what graphql-codegen makes.
// Users are likely to use 'graphql-tag/loader' with 'graphql-tag/schema/loader'
// in webpack. This code enables the result to be typed.
import { DocumentNode } from 'graphql'
export default DocumentNode
"
`;
