// Jest Snapshot v1, https://goo.gl/fbAQLP

exports[`graphql-let/jestTransformer transforms .graphql 1`] = `
"\\"use strict\\";

function _typeof(obj) { \\"@babel/helpers - typeof\\"; if (typeof Symbol === \\"function\\" && typeof Symbol.iterator === \\"symbol\\") { _typeof = function _typeof(obj) { return typeof obj; }; } else { _typeof = function _typeof(obj) { return obj && typeof Symbol === \\"function\\" && obj.constructor === Symbol && obj !== Symbol.prototype ? \\"symbol\\" : typeof obj; }; } return _typeof(obj); }

Object.defineProperty(exports, \\"__esModule\\", {
  value: true
});
exports.useViewerQuery = useViewerQuery;
exports.useViewerLazyQuery = useViewerLazyQuery;
exports.ViewerDocument = void 0;

var Apollo = _interopRequireWildcard(require(\\"@apollo/client\\"));

var _templateObject;

function _getRequireWildcardCache() { if (typeof WeakMap !== \\"function\\") return null; var cache = new WeakMap(); _getRequireWildcardCache = function _getRequireWildcardCache() { return cache; }; return cache; }

function _interopRequireWildcard(obj) { if (obj && obj.__esModule) { return obj; } if (obj === null || _typeof(obj) !== \\"object\\" && typeof obj !== \\"function\\") { return { \\"default\\": obj }; } var cache = _getRequireWildcardCache(); if (cache && cache.has(obj)) { return cache.get(obj); } var newObj = {}; var hasPropertyDescriptor = Object.defineProperty && Object.getOwnPropertyDescriptor; for (var key in obj) { if (Object.prototype.hasOwnProperty.call(obj, key)) { var desc = hasPropertyDescriptor ? Object.getOwnPropertyDescriptor(obj, key) : null; if (desc && (desc.get || desc.set)) { Object.defineProperty(newObj, key, desc); } else { newObj[key] = obj[key]; } } } newObj[\\"default\\"] = obj; if (cache) { cache.set(obj, newObj); } return newObj; }

function ownKeys(object, enumerableOnly) { var keys = Object.keys(object); if (Object.getOwnPropertySymbols) { var symbols = Object.getOwnPropertySymbols(object); if (enumerableOnly) symbols = symbols.filter(function (sym) { return Object.getOwnPropertyDescriptor(object, sym).enumerable; }); keys.push.apply(keys, symbols); } return keys; }

function _objectSpread(target) { for (var i = 1; i < arguments.length; i++) { var source = arguments[i] != null ? arguments[i] : {}; if (i % 2) { ownKeys(Object(source), true).forEach(function (key) { _defineProperty(target, key, source[key]); }); } else if (Object.getOwnPropertyDescriptors) { Object.defineProperties(target, Object.getOwnPropertyDescriptors(source)); } else { ownKeys(Object(source)).forEach(function (key) { Object.defineProperty(target, key, Object.getOwnPropertyDescriptor(source, key)); }); } } return target; }

function _defineProperty(obj, key, value) { if (key in obj) { Object.defineProperty(obj, key, { value: value, enumerable: true, configurable: true, writable: true }); } else { obj[key] = value; } return obj; }

function _taggedTemplateLiteral(strings, raw) { if (!raw) { raw = strings.slice(0); } return Object.freeze(Object.defineProperties(strings, { raw: { value: Object.freeze(raw) } })); }

var defaultOptions = {};
/** All built-in and custom scalars, mapped to their actual values */

var ViewerDocument = (0, Apollo.gql)(_templateObject || (_templateObject = _taggedTemplateLiteral([\\"\\\\n    query Viewer {\\\\n  viewer {\\\\n    id\\\\n    name\\\\n    status\\\\n  }\\\\n}\\\\n    \\"])));
/**
 * __useViewerQuery__
 *
 * To run a query within a React component, call \`useViewerQuery\` and pass it any options that fit your needs.
 * When your component renders, \`useViewerQuery\` returns an object from Apollo Client that contains loading, error, and data properties
 * you can use to render your UI.
 *
 * @param baseOptions options that will be passed into the query, supported options are listed on: https://www.apollographql.com/docs/react/api/react-hooks/#options;
 *
 * @example
 * const { data, loading, error } = useViewerQuery({
 *   variables: {
 *   },
 * });
 */

exports.ViewerDocument = ViewerDocument;

function useViewerQuery(baseOptions) {
  var options = _objectSpread(_objectSpread({}, defaultOptions), baseOptions);

  return Apollo.useQuery(ViewerDocument, options);
}

function useViewerLazyQuery(baseOptions) {
  var options = _objectSpread(_objectSpread({}, defaultOptions), baseOptions);

  return Apollo.useLazyQuery(ViewerDocument, options);
}"
`;
